// Jest Snapshot v1, https://goo.gl/fbAQLP

exports[`renders App 1`] = `
<div>
  <main
    class="app"
  >
    <div
      class="flex column flex-1"
    >
      <div
        class="tab-panel"
      >
        <div
          class="tab-container"
        >
          <a
            aria-current="page"
            class="tab active"
            href="/dashboard/home"
            style="font-weight: bold; background-color: rgb(121, 121, 121);"
          >
            Home
          </a>
          <a
            class="tab"
            href="/dashboard/live-chart"
          >
            Live Chart
          </a>
        </div>
      </div>
      <div>
         I am home
      </div>
    </div>
  </main>
</div>
`;
